Java HotSpot(TM) 64-Bit Server VM (25.181-b13) for bsd-amd64 JRE (1.8.0_181-b13), built on Jul  7 2018 01:02:31 by "java_re" with gcc 4.2.1 (Based on Apple Inc. build 5658) (LLVM build 2336.11.00)
Memory: 4k page, physical 8388608k(174772k free)

/proc/meminfo:

CommandLine flags: -XX:InitialHeapSize=20971520 -XX:MaxHeapSize=20971520 -XX:MaxNewSize=10485760 -XX:MaxTenuringThreshold=15 -XX:NewSize=10485760 -XX:OldPLABSize=16 -XX:PretenureSizeThreshold=10485760 -XX:+PrintGC -XX:+PrintGCDetails -XX:+PrintGCTimeStamps -XX:+PrintTenuringDistribution -XX:SurvivorRatio=8 -XX:+UseCompressedClassPointers -XX:+UseCompressedOops -XX:+UseConcMarkSweepGC -XX:+UseParNewGC 
0.102: [GC (Allocation Failure) 0.102: [ParNew
Desired survivor size 524288 bytes, new threshold 1 (max 15)
- age   1:     545744 bytes,     545744 total
: 7071K->546K(9216K), 0.0013828 secs] 7071K->546K(19456K), 0.0014818 secs] [Times: user=0.00 sys=0.00, real=0.00 secs] 
0.104: [GC (Allocation Failure) 0.104: [ParNew
Desired survivor size 524288 bytes, new threshold 15 (max 15)
: 7106K->0K(9216K), 0.0082791 secs] 7106K->543K(19456K), 0.0083577 secs] [Times: user=0.02 sys=0.00, real=0.00 secs] 
Heap
 par new generation   total 9216K, used 2212K [0x00000007bec00000, 0x00000007bf600000, 0x00000007bf600000)
  eden space 8192K,  27% used [0x00000007bec00000, 0x00000007bee290e0, 0x00000007bf400000)
  from space 1024K,   0% used [0x00000007bf400000, 0x00000007bf400000, 0x00000007bf500000)
  to   space 1024K,   0% used [0x00000007bf500000, 0x00000007bf500000, 0x00000007bf600000)
 concurrent mark-sweep generation total 10240K, used 543K [0x00000007bf600000, 0x00000007c0000000, 0x00000007c0000000)
 Metaspace       used 2637K, capacity 4486K, committed 4864K, reserved 1056768K
  class space    used 286K, capacity 386K, committed 512K, reserved 1048576K
